allowVolumeExpansion: true
apiVersion: storage.k8s.io/v1
kind: StorageClass
metadata:
  annotations:
    storageclass.kubernetes.io/is-default-class: 'true'
  labels:
    app.kubernetes.io/managed-by: commodore
    app.kubernetes.io/name: ceph-block
  name: ceph-block
parameters:
  clusterID: syn-rook-mini-cluster
  csi.storage.k8s.io/controller-expand-secret-name: rook-csi-rbd-provisioner
  csi.storage.k8s.io/controller-expand-secret-namespace: syn-rook-mini-cluster
  csi.storage.k8s.io/fstype: ext4
  csi.storage.k8s.io/node-stage-secret-name: rook-csi-rbd-node
  csi.storage.k8s.io/node-stage-secret-namespace: syn-rook-mini-cluster
  csi.storage.k8s.io/provisioner-secret-name: rook-csi-rbd-provisioner
  csi.storage.k8s.io/provisioner-secret-namespace: syn-rook-mini-cluster
  imageFeatures: layering
  imageFormat: '2'
  pool: ceph-blockpool
provisioner: syn-rook-mini.rbd.csi.ceph.com
reclaimPolicy: Delete
volumeBindingMode: Immediate
---
apiVersion: ceph.rook.io/v1
kind: CephBlockPool
metadata:
  labels:
    app.kubernetes.io/managed-by: commodore
    app.kubernetes.io/name: ceph-blockpool
  name: ceph-blockpool
  namespace: syn-rook-mini-cluster
spec:
  failureDomain: host
  replicated:
    size: 3
