apiVersion: ceph.rook.io/v1
kind: CephCluster
metadata:
  name: syn-rook-mini-cluster
  namespace: syn-rook-mini-cluster
spec:
  cephVersion:
    allowUnsupported: false
    image: quay.io/ceph/ceph:v17.2.6
  cleanupPolicy:
    allowUninstallWithVolumes: false
    confirmation: ''
    sanitizeDisks:
      dataSource: zero
      iteration: 1
      method: quick
  continueUpgradeAfterChecksEvenIfNotHealthy: false
  crashCollector:
    disable: false
  dashboard:
    enabled: false
    ssl: true
  dataDirHostPath: /var/lib/rook
  disruptionManagement:
    managePodBudgets: true
    osdMaintenanceTimeout: 30
    pgHealthCheckTimeout: 0
  healthCheck:
    daemonHealth:
      mon:
        disabled: false
        interval: 45s
      osd:
        disabled: false
        interval: 60s
      status:
        disabled: false
        interval: 60s
    livenessProbe:
      mgr:
        disabled: false
      mon:
        disabled: false
      osd:
        disabled: false
  logCollector:
    enabled: true
    maxLogSize: 500M
    periodicity: daily
  mgr:
    allowMultiplePerNode: false
    count: 2
    modules:
      - enabled: true
        name: pg_autoscaler
  mon:
    allowMultiplePerNode: false
    count: 3
  monitoring:
    enabled: true
  network:
    connections:
      compression:
        enabled: false
      encryption:
        enabled: false
      requireMsgr2: false
    provider: host
  priorityClassNames:
    mgr: system-cluster-critical
    mon: system-node-critical
    osd: system-node-critical
  removeOSDsIfOutAndSafeToRemove: false
  resources:
    cleanup:
      limits:
        cpu: 500m
        memory: 1Gi
      requests:
        cpu: 500m
        memory: 100Mi
    crashcollector:
      limits:
        cpu: 500m
        memory: 60Mi
      requests:
        cpu: 100m
        memory: 60Mi
    exporter:
      limits:
        cpu: 250m
        memory: 128Mi
      requests:
        cpu: 50m
        memory: 50Mi
    logcollector:
      limits:
        cpu: 500m
        memory: 1Gi
      requests:
        cpu: 100m
        memory: 100Mi
    mgr:
      limits:
        memory: 750Mi
      requests:
        cpu: 50m
        memory: 750Mi
    mgr-sidecar:
      limits:
        cpu: 500m
        memory: 100Mi
      requests:
        cpu: 100m
        memory: 40Mi
    mon:
      limits:
        memory: 1500Mi
      requests:
        cpu: 50m
        memory: 1500Mi
    osd:
      limits:
        memory: 1500Mi
      requests:
        cpu: 50m
        memory: 750Mi
    prepareosd:
      requests:
        cpu: 500m
        memory: 50Mi
  skipUpgradeChecks: false
  storage:
    config:
      encryptedDevice: 'true'
    nodes:
      - devices:
          - name: sda
        name: cobra-11k3
      - devices:
          - name: sda
        name: cobra-573j
      - devices:
          - name: sda
        name: cobra-99b0
    useAllDevices: false
    useAllNodes: false
  waitTimeoutForHealthyOSDInMinutes: 10
