apiVersion: apps/v1
kind: Deployment
metadata:
  labels:
    app.kubernetes.io/created-by: helm
    app.kubernetes.io/managed-by: Helm
    app.kubernetes.io/part-of: rook-ceph-operator
    helm.sh/chart: rook-ceph-v1.12.9
    operator: rook
    storage-backend: ceph
  name: rook-ceph-operator
  namespace: syn-rook-mini
spec:
  replicas: 1
  selector:
    matchLabels:
      app: rook-ceph-operator
  strategy:
    type: Recreate
  template:
    metadata:
      labels:
        app: rook-ceph-operator
        helm.sh/chart: rook-ceph-v1.12.9
    spec:
      containers:
        - args:
            - ceph
            - operator
          env:
            - name: ROOK_CURRENT_NAMESPACE_ONLY
              value: 'false'
            - name: ROOK_HOSTPATH_REQUIRES_PRIVILEGED
              value: 'false'
            - name: ROOK_DISABLE_DEVICE_HOTPLUG
              value: 'false'
            - name: ROOK_DISCOVER_DEVICES_INTERVAL
              value: 60m
            - name: NODE_NAME
              valueFrom:
                fieldRef:
                  fieldPath: spec.nodeName
            - name: POD_NAME
              valueFrom:
                fieldRef:
                  fieldPath: metadata.name
            - name: POD_NAMESPACE
              valueFrom:
                fieldRef:
                  fieldPath: metadata.namespace
          image: rook/ceph:v1.12.9
          imagePullPolicy: IfNotPresent
          name: rook-ceph-operator
          ports:
            - containerPort: 9443
              name: https-webhook
              protocol: TCP
          resources:
            limits:
              memory: 512Mi
            requests:
              cpu: 50m
              memory: 512Mi
          securityContext:
            runAsGroup: 2016
            runAsNonRoot: true
            runAsUser: 2016
          volumeMounts:
            - mountPath: /var/lib/rook
              name: rook-config
            - mountPath: /etc/ceph
              name: default-config-dir
            - mountPath: /etc/webhook
              name: webhook-cert
      serviceAccountName: rook-ceph-system
      volumes:
        - emptyDir: {}
          name: rook-config
        - emptyDir: {}
          name: default-config-dir
        - emptyDir: {}
          name: webhook-cert
