apiVersion: rbac.authorization.k8s.io/v1
kind: RoleBinding
metadata:
  labels:
    app.kubernetes.io/created-by: helm
    app.kubernetes.io/managed-by: Helm
    app.kubernetes.io/part-of: rook-ceph-operator
    helm.sh/chart: rook-ceph-v1.12.2
    operator: rook
    storage-backend: ceph
  name: rook-ceph-system
  namespace: syn-rook-mini
roleRef:
  apiGroup: rbac.authorization.k8s.io
  kind: Role
  name: rook-ceph-system
subjects:
  - kind: ServiceAccount
    name: rook-ceph-system
    namespace: syn-rook-mini
---
apiVersion: rbac.authorization.k8s.io/v1
kind: RoleBinding
metadata:
  name: cephfs-csi-provisioner-role-cfg
  namespace: syn-rook-mini
roleRef:
  apiGroup: rbac.authorization.k8s.io
  kind: Role
  name: cephfs-external-provisioner-cfg
subjects:
  - kind: ServiceAccount
    name: rook-csi-cephfs-provisioner-sa
    namespace: syn-rook-mini
---
apiVersion: rbac.authorization.k8s.io/v1
kind: RoleBinding
metadata:
  name: rbd-csi-provisioner-role-cfg
  namespace: syn-rook-mini
roleRef:
  apiGroup: rbac.authorization.k8s.io
  kind: Role
  name: rbd-external-provisioner-cfg
subjects:
  - kind: ServiceAccount
    name: rook-csi-rbd-provisioner-sa
    namespace: syn-rook-mini
