apiVersion: v1
kind: Namespace
metadata:
  annotations: {}
  labels:
    name: syn-rook-mini
    pod-security.kubernetes.io/enforce: privileged
  name: syn-rook-mini
---
apiVersion: v1
kind: Namespace
metadata:
  annotations: {}
  labels:
    name: syn-rook-mini-cluster
    pod-security.kubernetes.io/enforce: privileged
  name: syn-rook-mini-cluster
